SCLSD_BENCHMARK_EVENT {"event": "stage_start", "stage": "data_load", "time": "2026-07-17T20:13:10.047224+00:00"}
SCLSD_BENCHMARK_EVENT {"cpu_seconds": 0.04925155199999942, "cuda_peak_allocated_bytes": 0, "cuda_peak_reserved_bytes": 0, "cuda_start_allocated_bytes": 0, "cuda_start_reserved_bytes": 0, "error": null, "event": "stage_end", "name": "data_load", "status": "ok", "time": "2026-07-17T20:13:10.096702+00:00", "wall_seconds": 0.04947123397141695}
SCLSD_BENCHMARK_EVENT {"event": "stage_start", "stage": "model_initialization", "time": "2026-07-17T20:13:10.097054+00:00"}
SCLSD_BENCHMARK_EVENT {"cpu_seconds": 0.05107430300000004, "cuda_peak_allocated_bytes": 10765824, "cuda_peak_reserved_bytes": 25165824, "cuda_start_allocated_bytes": 0, "cuda_start_reserved_bytes": 0, "error": null, "event": "stage_end", "name": "model_initialization", "status": "ok", "time": "2026-07-17T20:13:10.151040+00:00", "wall_seconds": 0.05397674161940813}
SCLSD_BENCHMARK_EVENT {"event": "stage_start", "stage": "fixed_walk_load", "time": "2026-07-17T20:13:10.151379+00:00"}
SCLSD_BENCHMARK_EVENT {"cpu_seconds": 0.0007448790000008643, "cuda_peak_allocated_bytes": 10746368, "cuda_peak_reserved_bytes": 25165824, "cuda_start_allocated_bytes": 10746368, "cuda_start_reserved_bytes": 25165824, "error": null, "event": "stage_end", "name": "fixed_walk_load", "status": "ok", "time": "2026-07-17T20:13:10.152221+00:00", "wall_seconds": 0.000834587961435318}
SCLSD_BENCHMARK_EVENT {"event": "stage_start", "stage": "training", "time": "2026-07-17T20:13:10.152765+00:00"}

Training Epochs:   0%|          | 0/1 [00:00<?, ?it/s]

Epoch 0:   0%|          | 0/16 [00:00<?, ?it/s][A
Training Epochs:   0%|          | 0/1 [00:01<?, ?it/s, -ELBO=2.0474, Potential Metric=0.0000, Entropy Metric=0.0016]

Epoch 0:   6%|▋         | 1/16 [00:01<00:16,  1.10s/it][A
Training Epochs:   0%|          | 0/1 [00:01<?, ?it/s, -ELBO=1.9342, Potential Metric=0.0000, Entropy Metric=0.0034]
Training Epochs:   0%|          | 0/1 [00:01<?, ?it/s, -ELBO=1.9249, Potential Metric=0.0000, Entropy Metric=0.0068]

Epoch 0:  19%|█▉        | 3/16 [00:01<00:04,  2.95it/s][A
Training Epochs:   0%|          | 0/1 [00:01<?, ?it/s, -ELBO=1.9099, Potential Metric=0.0000, Entropy Metric=0.0106]
Training Epochs:   0%|          | 0/1 [00:01<?, ?it/s, -ELBO=1.8443, Potential Metric=0.0000, Entropy Metric=0.0134]

Epoch 0:  31%|███▏      | 5/16 [00:01<00:02,  4.95it/s][A
Training Epochs:   0%|          | 0/1 [00:01<?, ?it/s, -ELBO=1.8551, Potential Metric=0.0001, Entropy Metric=0.0164]
Training Epochs:   0%|          | 0/1 [00:01<?, ?it/s, -ELBO=1.8693, Potential Metric=0.0001, Entropy Metric=0.0197]

Epoch 0:  44%|████▍     | 7/16 [00:01<00:01,  5.78it/s][A
Training Epochs:   0%|          | 0/1 [00:01<?, ?it/s, -ELBO=1.8812, Potential Metric=0.0001, Entropy Metric=0.0214]
Training Epochs:   0%|          | 0/1 [00:01<?, ?it/s, -ELBO=1.8937, Potential Metric=0.0001, Entropy Metric=0.0220]

Epoch 0:  56%|█████▋    | 9/16 [00:01<00:00,  7.36it/s][A
Training Epochs:   0%|          | 0/1 [00:01<?, ?it/s, -ELBO=1.8354, Potential Metric=0.0001, Entropy Metric=0.0208]
Training Epochs:   0%|          | 0/1 [00:02<?, ?it/s, -ELBO=1.8532, Potential Metric=0.0001, Entropy Metric=0.0199]

Epoch 0:  69%|██████▉   | 11/16 [00:01<00:00,  8.73it/s][A
Training Epochs:   0%|          | 0/1 [00:02<?, ?it/s, -ELBO=1.9161, Potential Metric=0.0001, Entropy Metric=0.0210]
Training Epochs:   0%|          | 0/1 [00:02<?, ?it/s, -ELBO=1.8584, Potential Metric=0.0001, Entropy Metric=0.0189]

Epoch 0:  81%|████████▏ | 13/16 [00:02<00:00,  9.89it/s][A
Training Epochs:   0%|          | 0/1 [00:02<?, ?it/s, -ELBO=1.8210, Potential Metric=0.0001, Entropy Metric=0.0176]
Training Epochs:   0%|          | 0/1 [00:02<?, ?it/s, -ELBO=1.8307, Potential Metric=0.0001, Entropy Metric=0.0168]

Epoch 0:  94%|█████████▍| 15/16 [00:02<00:00, 10.86it/s][A
Training Epochs:   0%|          | 0/1 [00:02<?, ?it/s, -ELBO=1.7988, Potential Metric=0.0001, Entropy Metric=0.0154]

                                                        [A
Training Epochs: 100%|██████████| 1/1 [00:02<00:00,  2.40s/it, -ELBO=1.7988, Potential Metric=0.0001, Entropy Metric=0.0154]
Training Epochs: 100%|██████████| 1/1 [00:02<00:00,  2.40s/it, -ELBO=1.7988, Potential Metric=0.0001, Entropy Metric=0.0154]
SCLSD_BENCHMARK_EVENT {"cpu_seconds": 4.218984569000002, "cuda_peak_allocated_bytes": 649434624, "cuda_peak_reserved_bytes": 805306368, "cuda_start_allocated_bytes": 10746368, "cuda_start_reserved_bytes": 25165824, "error": null, "event": "stage_end", "name": "training", "status": "ok", "time": "2026-07-17T20:13:12.672807+00:00", "wall_seconds": 2.5200146846473217}
