SCLSD_BENCHMARK_EVENT {"event": "stage_start", "stage": "data_load", "time": "2026-07-17T20:12:59.683279+00:00"}
SCLSD_BENCHMARK_EVENT {"cpu_seconds": 0.046344510999999144, "cuda_peak_allocated_bytes": 0, "cuda_peak_reserved_bytes": 0, "cuda_start_allocated_bytes": 0, "cuda_start_reserved_bytes": 0, "error": null, "event": "stage_end", "name": "data_load", "status": "ok", "time": "2026-07-17T20:12:59.729773+00:00", "wall_seconds": 0.04648804850876331}
SCLSD_BENCHMARK_EVENT {"event": "stage_start", "stage": "model_initialization", "time": "2026-07-17T20:12:59.730121+00:00"}
SCLSD_BENCHMARK_EVENT {"cpu_seconds": 0.050270466000000624, "cuda_peak_allocated_bytes": 10765824, "cuda_peak_reserved_bytes": 25165824, "cuda_start_allocated_bytes": 0, "cuda_start_reserved_bytes": 0, "error": null, "event": "stage_end", "name": "model_initialization", "status": "ok", "time": "2026-07-17T20:12:59.783098+00:00", "wall_seconds": 0.052967253141105175}
SCLSD_BENCHMARK_EVENT {"event": "stage_start", "stage": "fixed_walk_load", "time": "2026-07-17T20:12:59.783433+00:00"}
SCLSD_BENCHMARK_EVENT {"cpu_seconds": 0.0007330209999985016, "cuda_peak_allocated_bytes": 10746368, "cuda_peak_reserved_bytes": 25165824, "cuda_start_allocated_bytes": 10746368, "cuda_start_reserved_bytes": 25165824, "error": null, "event": "stage_end", "name": "fixed_walk_load", "status": "ok", "time": "2026-07-17T20:12:59.784254+00:00", "wall_seconds": 0.000814320519566536}
SCLSD_BENCHMARK_EVENT {"event": "stage_start", "stage": "training", "time": "2026-07-17T20:12:59.784800+00:00"}

Training Epochs:   0%|          | 0/1 [00:00<?, ?it/s]

Epoch 0:   0%|          | 0/16 [00:00<?, ?it/s][A
Training Epochs:   0%|          | 0/1 [00:01<?, ?it/s, -ELBO=2.0474, Potential Metric=0.0000, Entropy Metric=0.0016]

Epoch 0:   6%|▋         | 1/16 [00:01<00:17,  1.20s/it][A
Training Epochs:   0%|          | 0/1 [00:01<?, ?it/s, -ELBO=1.9342, Potential Metric=0.0000, Entropy Metric=0.0034]
Training Epochs:   0%|          | 0/1 [00:01<?, ?it/s, -ELBO=1.9249, Potential Metric=0.0000, Entropy Metric=0.0068]

Epoch 0:  19%|█▉        | 3/16 [00:01<00:04,  2.72it/s][A
Training Epochs:   0%|          | 0/1 [00:01<?, ?it/s, -ELBO=1.9099, Potential Metric=0.0000, Entropy Metric=0.0106]
Training Epochs:   0%|          | 0/1 [00:01<?, ?it/s, -ELBO=1.8443, Potential Metric=0.0000, Entropy Metric=0.0134]

Epoch 0:  31%|███▏      | 5/16 [00:01<00:02,  4.61it/s][A
Training Epochs:   0%|          | 0/1 [00:01<?, ?it/s, -ELBO=1.8551, Potential Metric=0.0001, Entropy Metric=0.0164]
Training Epochs:   0%|          | 0/1 [00:01<?, ?it/s, -ELBO=1.8693, Potential Metric=0.0001, Entropy Metric=0.0197]

Epoch 0:  44%|████▍     | 7/16 [00:01<00:01,  6.42it/s][A
Training Epochs:   0%|          | 0/1 [00:01<?, ?it/s, -ELBO=1.8812, Potential Metric=0.0001, Entropy Metric=0.0214]
Training Epochs:   0%|          | 0/1 [00:01<?, ?it/s, -ELBO=1.8937, Potential Metric=0.0001, Entropy Metric=0.0220]

Epoch 0:  56%|█████▋    | 9/16 [00:01<00:00,  8.00it/s][A
Training Epochs:   0%|          | 0/1 [00:01<?, ?it/s, -ELBO=1.8354, Potential Metric=0.0001, Entropy Metric=0.0208]
Training Epochs:   0%|          | 0/1 [00:01<?, ?it/s, -ELBO=1.8532, Potential Metric=0.0001, Entropy Metric=0.0199]

Epoch 0:  69%|██████▉   | 11/16 [00:01<00:00,  9.31it/s][A
Training Epochs:   0%|          | 0/1 [00:02<?, ?it/s, -ELBO=1.9161, Potential Metric=0.0001, Entropy Metric=0.0210]
Training Epochs:   0%|          | 0/1 [00:02<?, ?it/s, -ELBO=1.8584, Potential Metric=0.0001, Entropy Metric=0.0189]

Epoch 0:  81%|████████▏ | 13/16 [00:02<00:00, 10.39it/s][A
Training Epochs:   0%|          | 0/1 [00:02<?, ?it/s, -ELBO=1.8210, Potential Metric=0.0001, Entropy Metric=0.0176]
Training Epochs:   0%|          | 0/1 [00:02<?, ?it/s, -ELBO=1.8307, Potential Metric=0.0001, Entropy Metric=0.0168]

Epoch 0:  94%|█████████▍| 15/16 [00:02<00:00, 11.23it/s][A
Training Epochs:   0%|          | 0/1 [00:02<?, ?it/s, -ELBO=1.7988, Potential Metric=0.0001, Entropy Metric=0.0154]

                                                        [A
Training Epochs: 100%|██████████| 1/1 [00:02<00:00,  2.35s/it, -ELBO=1.7988, Potential Metric=0.0001, Entropy Metric=0.0154]
Training Epochs: 100%|██████████| 1/1 [00:02<00:00,  2.35s/it, -ELBO=1.7988, Potential Metric=0.0001, Entropy Metric=0.0154]
SCLSD_BENCHMARK_EVENT {"cpu_seconds": 3.4936866690000006, "cuda_peak_allocated_bytes": 649434624, "cuda_peak_reserved_bytes": 805306368, "cuda_start_allocated_bytes": 10746368, "cuda_start_reserved_bytes": 25165824, "error": null, "event": "stage_end", "name": "training", "status": "ok", "time": "2026-07-17T20:13:02.249391+00:00", "wall_seconds": 2.464572445489466}
